// Jest Snapshot v1, https://goo.gl/fbAQLP

exports[`Pruebas del GifExpertApp Debe presentarse correctamente 1`] = `
<Fragment>
  <h2>
    GifExpertApp
  </h2>
  <AddCategory
    setCategories={[Function]}
  />
  <hr />
  <ol>
    <GifGrid
      category="Dogs"
      key="Dogs"
    />
    <GifGrid
      category="Food"
      key="Food"
    />
  </ol>
</Fragment>
`;
