// Jest Snapshot v1, https://goo.gl/fbAQLP

exports[`Pruebas componente GifGrid Debe mostrarse el componente correctamente 1`] = `
<Fragment>
  <h3
    className="animate__animated animate__fadeIn"
  >
     
    dogs
     
  </h3>
  <p
    className="animate__animated animate__flash"
  >
    Loading
  </p>
  <div
    className="card-grid"
  />
</Fragment>
`;
